// Jest Snapshot v1, https://goo.gl/fbAQLP

exports[`renders correctly 1`] = `
<form
  className="w-full max-w-lg bg-gray-100 p-5 rounded h-full"
  onSubmit={[MockFunction]}
>
  <h2
    className="w-full px-3 font-bold py-3 text-3xl"
  >
    Review Loan Application
  </h2>
  <div
    className="w-full px-3 mb-6 md:mb-0"
  >
    <label
      className="block uppercase tracking-wide text-gray-700 text-xs font-bold mb-2"
      htmlFor="email"
    >
      Email
    </label>
    <span
      className="appearance-none block w-full text-gray-700 rounded py-3 mb-3 leading-tight focus:outline-none focus:bg-white"
      id="email"
    >
      abc@cdf.com
    </span>
  </div>
  <div
    className="w-full px-3 mb-6 md:mb-0"
  >
    <label
      className="block uppercase tracking-wide text-gray-700 text-xs font-bold mb-2"
      htmlFor="name"
    >
      Business name
    </label>
    <span
      className="appearance-none block w-full text-gray-700 rounded py-3 mb-3 leading-tight focus:outline-none focus:bg-white"
      id="name"
    >
      qwerty
    </span>
  </div>
  <div
    className="w-full px-3 mb-6 md:mb-0"
  >
    <label
      className="block uppercase tracking-wide text-gray-700 text-xs font-bold mb-2"
      htmlFor="email"
    >
      Year established
    </label>
    <span
      className="appearance-none block w-full text-gray-700 rounded py-3 mb-3 leading-tight focus:outline-none focus:bg-white"
      id="year"
    >
      2021
    </span>
  </div>
  <div
    className="w-full px-3 mb-6 md:mb-0"
  >
    <label
      className="block uppercase tracking-wide text-gray-700 text-xs font-bold mb-2"
      htmlFor="loanAmount"
    >
      Loan Amount
    </label>
    <span
      className="appearance-none block w-full text-gray-700 rounded py-3 mb-3 leading-tight focus:outline-none focus:bg-white focus:border-gray-500"
      id="loanAmount"
    >
      20000
    </span>
  </div>
  <div
    className="w-full px-3 mb-6 md:mb-0"
  >
    <label
      className="block uppercase tracking-wide text-gray-700 text-xs font-bold mb-2"
      htmlFor="accountingProvider"
    >
      Accounting provider
    </label>
    <div
      className="relative"
    >
      <span
        className="appearance-none block w-full text-gray-700 rounded py-3 mb-3 leading-tight focus:outline-none focus:bg-white focus:border-gray-500"
        id="accountingProvider"
      >
        myob
      </span>
    </div>
  </div>
  <div
    className="w-full px-3 mb-6 md:mb-0 flex justify-evenly"
  >
    <button
      className="bg-gray-300 hover:bg-gray-400 text-gray-700 font-bold mt-4 py-2 px-4 rounded inline-flex items-center"
      type="submit"
    >
      <span>
        Submit
      </span>
    </button>
  </div>
</form>
`;
